CBMC version 5.6 64-bit x86_64 linux
Parsing op_not.json_symtab
Converting
Generating GOTO Program
Adding CPROVER library (x86_64)
Removal of function pointers and virtual functions
Partial Inlining
Generic Property Instrumentation
Starting Bounded Model Checking
size of program expression: 9 steps
simple slicing removed 0 assignments
Generated 0 VCC(s), 0 remaining after simplification
VERIFICATION SUCCESSFUL
